[splendid-tone-782038.framer.app/index.html]
[backblue.gif]
[fade.gif]
[index.html]
[framerusercontent.com/images/TuX6Gq828FJvAO0NXoX6hxEuuQA.png]
[framerusercontent.com/images/PTUjJc2id3a13dotjgrPXrU8Rw.png]
[framerusercontent.com/images/KNB4iaZVe3nds0r1GdOxE4y8I3870.png]
[splendid-tone-782038.framer.app/equipments.html]
[splendid-tone-782038.framer.app/contact.html]
[framerusercontent.com/images/Cg7LSDIiOojqPTvbcdGbQECWnJk33f9.png]
[framerusercontent.com/images/wOKJwxtkLdoMJh89k3CQQAZMI19f4.png]
[framerusercontent.com/images/nwBeKVWNsBEdMLaZSjsLVTxB86af9.png]
[framerusercontent.com/images/D3jw55zL8pVDGoPqSklL5zvwAa45c41.png]
[framerusercontent.com/images/YAQIqAcveaw1ZwM7d1LfmYgIgA47d4.png]
[framerusercontent.com/images/tGWJLpXib4JALoOhMN4DPD4QI8ace0.png]
[framerusercontent.com/images/a6nsVChSWE56WFbX9XLivjp8s1Mf0d6.png]
[framerusercontent.com/images/wnGAaHoJC0UalJFbghHCe5bCjwceb9.png]
[framerusercontent.com/images/2MDlMFuK5Zbj73MbqizLgjAI0c60b7.png]
[framerusercontent.com/images/H5LfJ45wrNcJKd3ULjOn9Kzs7k60b7.png]
[framerusercontent.com/images/apBjaMD63NYTYWbJ5fS6HGCQH07ab2.png]
[framerusercontent.com/images/dUpnA6uAI52mRJrzgp56C4rSQ4448.png]
[framerusercontent.com/images/ThV0IAinhTBPmJkfVwCwSiH5oN42774.png]
[framerusercontent.com/images/PRWgIKnVRsToAIOXAHYQZumBmE95a5.png]
[framerusercontent.com/images/ln1P35aDby0KsMw8KHu6fQOtJk95a5.png]
[framerusercontent.com/images/GEzAoLKKV839Ga5XPn2IBLQ93t42774.png]
[framerusercontent.com/images/6iceC2ZC0D63KIXwrfUG4XjN5Wsb454.png]
[framerusercontent.com/images/B8QDoXQ7TeVXHqKmnM6xwXzVgUaa04.png]
[framerusercontent.com/images/AyN4wBfaDBzaFcnBopn4ms7bYQM6c9c.png]
[framerusercontent.com/images/tZ4WAmzshSMaxh2VpZ5hURkkuc2532.png]
[framerusercontent.com/images/Yj75uUzBke8UeYiRKxUE2jnj2Y59e5.png]
[framerusercontent.com/images/cjqP7NAZxNJpuIUQWPyS3SpJdg59e5.png]
[framerusercontent.com/images/gcD4NuEA5uXgg7CNoYjHMWxr8M59e5.png]
[framerusercontent.com/images/QatWPokTyqZXDiIrJEyV7q9nZA59e5.png]
[framerusercontent.com/images/sOQ0aoMIs9IuhMYqCagryQ41os59e5.png]
[framerusercontent.com/images/bl15xwYfpKIWBctPdsvBDtcnMY60b7.png]
[framerusercontent.com/images/vvZ4zGrv2f0wUnRoUhDqLNZQC816b1.png]
[framerusercontent.com/images/i7SMfwnGIbq8HJ9yAxEItmhaCM02a1.png]
[framerusercontent.com/images/ediOvGPy9Wu3ZXaOySLfNxnzE4cff.jpg]
[framerusercontent.com/images/N3zelEZbuspKKSuXVw3nT0tyY480f.jpg]
[framerusercontent.com/images/sEDg5hYmzVCjF6GsIRoaT1F65U480f.jpg]
[framerusercontent.com/images/FVN19Bs5FgBDRikhh1c5dop4ZQ480f.jpg]
[framerusercontent.com/images/QGGCRfzHnTILnSUNzu1o5rRE480f.jpg]
[framerusercontent.com/images/wcbTBPQrfFbjt4NKTdtstPI4mA480f.jpg]
[framerusercontent.com/images/veZL8zKk0tp2uDxmrtvidvXLruo480f.jpg]
[framerusercontent.com/images/Hid5CvcMoBnqp9oR6f5DiR7FD4480f.jpg]
[framerusercontent.com/images/CENfPtE4oAvZvIFSb7m1KOMOMg8480f.jpg]
[framerusercontent.com/images/59nTjYLxF6svoId98TwP5LHrWlc480f.jpg]
[framerusercontent.com/images/Hiiaaywm9yIUCc2sTOlCBBYY8oo480f.jpg]
[framerusercontent.com/images/1pRFd4FFksUPV1ic4w04iDV41Y480f.jpg]
[framerusercontent.com/images/kpW6epxmKoxq3FyXym0YkjLy7DQ480f.jpg]
[framerusercontent.com/images/EivJUMFon2c6fAZnPME4nuagdqQ81f4.png]
[framerusercontent.com/images/diKy3i5HmTHKMD3E1krb1YyQ6Hk80b6.png]
[framerusercontent.com/images/6piX5BecyZ6q0eWUnncvOTIVhA5feb.png]
[framerusercontent.com/images/HMQVg8ZB5YDUSvmJrKyiZNUX0abf6.png]
[framerusercontent.com/images/Yp8LtSJN1ht0mNtO4OLWhMor5Iabf6.png]
[framerusercontent.com/images/KTGStSkfG82K3lVyA5wB6zWj8f487.png]
[framerusercontent.com/images/iWVghKjvlN7eKSI9weYg5HofWkbb65.png]
[framerusercontent.com/images/XHjXcbEnwslXX6DgUzx6bkaTo8079.png]
[framerusercontent.com/images/LFO6AAKLKd7SdGWQdLwgyeAc3334.png]
[framerusercontent.com/images/Ugonb9l72YHvyRKm9QUMYKcxcs2b1f.png]
[framerusercontent.com/images/FK9ynyXxAPXdg3zZhl0tJP3C5A81d5.png]
[framerusercontent.com/images/McyCpKh7lnIhd2iRZBZdVkZKZQ637e.png]
[framerusercontent.com/images/cLdSQUsj3Zwjp81josFAQ5cOXEfbc9.png]
[framerusercontent.com/images/jIvoTuXuAKxkfDmJTZKqBs8obg83e1.png]
[framerusercontent.com/images/N0rX9F1rRa7V1ZpoBpheeQ4Igf8e5.png]
[framerusercontent.com/images/gvlayQfbt9U1PQFsVdZTtRplAc60b7.png]
[framerusercontent.com/images/kxxG5ptff3vwhl78a5XNIgGrXU838dd.png]
[framerusercontent.com/images/DLofCxZYnTvQILv6G8BXstKdxI83e1.png]
[framerusercontent.com/images/7PZn7dvVdYMLn3WK8KqmIU5fJM0d9e.png]
[framerusercontent.com/images/gnPJ988VmZWs2kNHNcczJ63w281c.png]
[framerusercontent.com/images/IqcIxbT0BYP1sjczI6kXS1olWc8079.png]
[splendid-tone-782038.framer.app/index.html]
[ga.jspm.io/npm_es-module-shims@1.6.3/dist/es-module-shims.js]
[framerusercontent.com/modules/q8vPMbKENCV4ykscL6TD/AMCpMPvChTAltedQPp5p/augiA20Il.js]
[framerusercontent.com/modules/kW5RSPjkhJ1Fb1pEUgxq/PH5iXXkeqQAxzrK9nhux/k48RMlCof.js]
[framerusercontent.com/modules/YsEDHFgqRBqd7xzlAnBu/77stWzvzgiCLJVxj3yul/uQTh17n1s.js]
[framerusercontent.com/modules/2ekKTqvJibgddb1PtciJ/RS9iNr6FpuhmZMNbJsUn/snippets.js]
[splendid-tone-782038.framer.app/equipments.html]
[splendid-tone-782038.framer.app/contact.html]
[splendid-tone-782038.framer.app/[object Object].html]
